src/api/controllers/growthObservationController.ts(34,42): error TS2339: Property 'growthObservation' does not exist on type 'PrismaClient<PrismaClientOptions, never, DefaultArgs>'.
src/api/controllers/growthObservationController.ts(109,43): error TS2339: Property 'growthObservation' does not exist on type 'PrismaClient<PrismaClientOptions, never, DefaultArgs>'.
src/api/controllers/growthObservationController.ts(158,42): error TS2339: Property 'growthObservation' does not exist on type 'PrismaClient<PrismaClientOptions, never, DefaultArgs>'.
src/api/controllers/growthObservationController.ts(214,39): error TS2339: Property 'growthObservation' does not exist on type 'PrismaClient<PrismaClientOptions, never, DefaultArgs>'.
src/api/controllers/growthObservationController.ts(223,38): error TS2339: Property 'growthObservation' does not exist on type 'PrismaClient<PrismaClientOptions, never, DefaultArgs>'.
src/api/controllers/lifeSkillsObsController.ts(32,34): error TS2339: Property 'growthObservation' does not exist on type 'PrismaClient<PrismaClientOptions, never, DefaultArgs>'.
src/api/controllers/lifeSkillsObsController.ts(61,34): error TS2339: Property 'growthObservation' does not exist on type 'PrismaClient<PrismaClientOptions, never, DefaultArgs>'.
src/api/controllers/lifeSkillsObsController.ts(101,39): error TS2339: Property 'growthObservation' does not exist on type 'PrismaClient<PrismaClientOptions, never, DefaultArgs>'.
src/api/controllers/peObsController.ts(24,34): error TS2339: Property 'growthObservation' does not exist on type 'PrismaClient<PrismaClientOptions, never, DefaultArgs>'.
src/api/controllers/peObsController.ts(50,34): error TS2339: Property 'growthObservation' does not exist on type 'PrismaClient<PrismaClientOptions, never, DefaultArgs>'.
src/api/controllers/peObsController.ts(83,34): error TS2339: Property 'growthObservation' does not exist on type 'PrismaClient<PrismaClientOptions, never, DefaultArgs>'.
src/api/controllers/performingArtsObsController.ts(27,37): error TS2339: Property 'growthObservation' does not exist on type 'PrismaClient<PrismaClientOptions, never, DefaultArgs>'.
src/api/controllers/performingArtsObsController.ts(55,34): error TS2339: Property 'growthObservation' does not exist on type 'PrismaClient<PrismaClientOptions, never, DefaultArgs>'.
src/api/controllers/performingArtsObsController.ts(99,37): error TS2339: Property 'growthObservation' does not exist on type 'PrismaClient<PrismaClientOptions, never, DefaultArgs>'.
src/api/controllers/vaObsController.ts(24,34): error TS2339: Property 'growthObservation' does not exist on type 'PrismaClient<PrismaClientOptions, never, DefaultArgs>'.
src/api/controllers/vaObsController.ts(50,34): error TS2339: Property 'growthObservation' does not exist on type 'PrismaClient<PrismaClientOptions, never, DefaultArgs>'.
src/api/controllers/vaObsController.ts(85,34): error TS2339: Property 'growthObservation' does not exist on type 'PrismaClient<PrismaClientOptions, never, DefaultArgs>'.
src/api/services/aiService.ts(1,36): error TS2307: Cannot find module '@google/generative-ai' or its corresponding type declarations.
