
> backend@1.0.0 build
> tsc

src/api/controllers/analyticsController.ts(262,55): error TS7006: Parameter 'e' implicitly has an 'any' type.
