src/api/controllers/goalController.ts(165,42): error TS2339: Property 'goalSettingForm' does not exist on type '{ id: string; updatedAt: Date; description: string | null; title: string; createdAt: Date; teacherId: string; status: string; actionStep: string | null; campus: string | null; ... 5 more ...; progress: number; }'.
src/api/controllers/goalController.ts(176,45): error TS2339: Property 'goalCompletionForm' does not exist on type '{ id: string; updatedAt: Date; description: string | null; title: string; createdAt: Date; teacherId: string; status: string; actionStep: string | null; campus: string | null; ... 5 more ...; progress: number; }'.
src/api/controllers/goalController.ts(187,45): error TS2339: Property 'selfReflectionForm' does not exist on type '{ id: string; updatedAt: Date; description: string | null; title: string; createdAt: Date; teacherId: string; status: string; actionStep: string | null; campus: string | null; ... 5 more ...; progress: number; }'.
src/api/controllers/settingsController.ts(82,26): error TS2339: Property 'auditLog' does not exist on type 'PrismaClient<PrismaClientOptions, never, DefaultArgs>'.
src/verify_db_users.ts(16,19): error TS7006: Parameter 'u' implicitly has an 'any' type.
