--- Testing TrainingFeedback ---
Keys in prisma client: []
node.exe : Error 
during test: Cannot 
read properties of 
undefined (reading 
'findMany')
At line:1 char:1
+ & "C:\Program 
Files\nodejs/node.exe" 
"C:\Program 
Files\nodejs/node_mo 
...
+ ~~~~~~~~~~~~~~~~~~~~~
~~~~~~~~~~~~~~~~~~~~~~~
~~~~~~~~~~~~~~~~~~~~~~~
~~
    + CategoryInfo     
         : 
NotSpecified: (Err    
or during te...ing 'fi 
   ndMany'):String) 
[], R    emoteException
    + 
FullyQualifiedErrorI   
 d : NativeCommandError
 
TypeError: Cannot read 
properties of 
undefined (reading 
'findMany')
    at test (C:\Users\E
kya\Desktop\ekyaproject
s\school-growth-hub-mai
n\backend\test_feedback
.ts:9:66)
    at 
Object.<anonymous> (C:\
Users\Ekya\Desktop\ekya
projects\school-growth-
hub-main\backend\test_f
eedback.ts:27:1)
    at Module._compile 
(node:internal/modules/
cjs/loader:1761:14)
    at 
Module.m._compile (C:\U
sers\Ekya\Desktop\ekyap
rojects\school-growth-h
ub-main\backend\node_mo
dules\ts-node\src\index
.ts:1618:23)
    at node:internal/mo
dules/cjs/loader:1893:1
0
    at Object.require.e
xtensions.<computed> 
[as .ts] (C:\Users\Ekya
\Desktop\ekyaprojects\s
chool-growth-hub-main\b
ackend\node_modules\ts-
node\src\index.ts:1621:
12)
    at Module.load (nod
e:internal/modules/cjs/
loader:1481:32)
    at Module._load (no
de:internal/modules/cjs
/loader:1300:12)
    at TracingChannel.t
raceSync (node:diagnost
ics_channel:328:14)
    at wrapModuleLoad (
node:internal/modules/c
js/loader:245:24)
